// Jest Snapshot v1, https://goo.gl/fbAQLP

exports[`Button component Snapshot button 1`] = `
<body>
  <div>
    <button
      class="ant-btn ant-btn-primary ant-btn-round"
      type="button"
    >
      <span>
        LOGIN
      </span>
    </button>
  </div>
</body>
`;
