// Jest Snapshot v1, https://goo.gl/fbAQLP

exports[`Button component Snapshot button 1`] = `
<body>
  <div>
    <button
      class="primary"
    >
      LOGIN
    </button>
  </div>
</body>
`;
